Звiт
Пустовий 121в Лабороторна робота 2. Вступ до програмування. Основи debug процессу.
Зареєструвався на github і створив там приватний репозиторій за допомогою веб-інтерфейсу проекту.
Схилявся із створеного репозиторію за допомогою git clone.
Скопіював наступні файли:
• файл .clang-format з проекта sample_project до кореня мого репозиторія
• файл .clang-tidy з проекта sample_project до кореня мого репозиторія
• файл .gitlab-ci.yml з проекта sample_project до кореня мого репозиторія
• файл Doxyfile з каталогу lab00 проекта sample_project до каталогу lab02 мого репозиторія
• файл Makefile з каталогу lab00 проекта sample_project до каталогу lab02 мого репозиторія
• файл README.md з каталогу lab00 проекта sample_project до каталогу lab02 мого репозиторія
• каталог src з каталогу lab00 проекта sample_project до каталогу lab02 мого репозиторія
• каталог test з каталогу lab00 проекта sample_project до каталогу lab02 мого репозиторія
Зафіксував зміни (за допомогою команди git commit) під назвою “Initial copy of sample_project”.
Додати новій тип Тварини “Людина”:
В файле lib.c:
	case HUMAN:
		result = "Людина";
		break;
В файле lib.h:
	HUMAN, /**< Людина */
Скомпилировал с помощью make all:
xanzik@xanzik-VirtualBox:~/programing-pustovyi/lab02$ make all
make clean prep compile check
make[1]: вход в каталог «/home/xanzik/programing-pustovyi/lab02»
rm -rf dist
mkdir dist
clang -std=gnu11 -g -Wall -Wextra -Werror -Wformat-security -Wfloat-equal -Wshadow -Wconversion -Wlogical-not-parentheses -Wnull-dereference -Wno-unused-variable -Werror=vla -I./src src/lib.c src/main.c -o ./dist/main.bin
clang-format --verbose -dry-run --Werror src/* test/*
Formatting src/lib.c
Formatting src/lib.c.dump
Formatting src/lib.h
Formatting src/main.c
Formatting src/main.c.dump
Formatting test/test.c
Formatting test/test.c.dump
cppcheck --enable=all --inconclusive --addon=cert --error-exitcode=1  -v --suppress=unreadVariable:*/main.c --suppress=knownConditionTrueFalse:*/main.c --suppress=missingIncludeSystem  --check-config --suppress=*:*/test.c  --suppress=unmatchedSuppression:*/main.c .
Checking src/lib.c ...
Defines:
Undefines:
Includes:
Platform:Native
1/3 files checked 17% done
Checking src/main.c ...
Defines:
Undefines:
Includes:
Platform:Native
2/3 files checked 42% done
Checking test/test.c ...
Defines:
Undefines:
Includes:
Platform:Native
3/3 files checked 100% done
make[1]: выход из каталога «/home/xanzik/programing-pustovyi/lab02»
Запускаю бінарний файл main.bin, щоб побачити, що "Людина" виводиться на екран:
xanzik@xanzik-VirtualBox:~/programing-pustovyi/lab02$ tree
.
├── dist
│   └── main.bin
├── Doxyfile
├── Makefile
├── README.md
├── src
│   ├── lib.c
│   ├── lib.c.dump
│   ├── lib.h
│   ├── main.c
│   └── main.c.dump
└── test
    ├── test.c
    └── test.c.dump

3 directories, 11 files
xanzik@xanzik-VirtualBox:~/programing-pustovyi/lab02$ cd dist
xanzik@xanzik-VirtualBox:~/programing-pustovyi/lab02/dist$ ./main.bin
Інформація про тварину №01: Собака: зріст = 85 см, маса = 48 гр. 
Інформація про тварину №02: Свиня: зріст = 27 см, маса = 36 гр. 
Інформація про тварину №03: Кіт: зріст = 11 см, маса = 115 гр. 
Інформація про тварину №04: Кіт: зріст = 65 см, маса = 83 гр. 
Інформація про тварину №05: Корова Petya: зріст = 11 см, маса = 106 гр. 
Інформація про тварину №06: Собака: зріст = 19 см, маса = 87 гр. 
Інформація про тварину №07: Корова Petya: зріст = 124 см, маса = 69 гр. 
Інформація про тварину №08: Кіт: зріст = 71 см, маса = 104 гр. 
Інформація про тварину №09: Людина: зріст = 25 см, маса = 53 гр. 
Інформація про тварину №10: Свиня: зріст = 12 см, маса = 115 гр. 
xanzik@xanzik-VirtualBox:~/programing-pustovyi/lab02/dist$ ./main.bin
Інформація про тварину №01: Собака: зріст = 24 см, маса = 4 гр. 
Інформація про тварину №02: Собака: зріст = 3 см, маса = 45 гр. 
Інформація про тварину №03: Корова Petya: зріст = 6 см, маса = 92 гр. 
Інформація про тварину №04: Собака: зріст = 24 см, маса = 122 гр. 
Інформація про тварину №05: Людина: зріст = 124 см, маса = 50 гр. 
Інформація про тварину №06: Кіт: зріст = 54 см, маса = 41 гр. 
Інформація про тварину №07: Кіт: зріст = 59 см, маса = 60 гр. 
Інформація про тварину №08: Людина: зріст = 41 см, маса = 71 гр. 
Інформація про тварину №09: Корова Petya: зріст = 111 см, маса = 119 гр. 
Інформація про тварину №10: Людина: зріст = 71 см, маса = 73 гр. 
Відкрив в відлагоднику (debugger) lldb виконуючий файл, зупинився на строці 43:
xanzik@xanzik-VirtualBox:~/programing-pustovyi/lab02/dist$ lldb main.bin
(lldb) target create "main.bin"
Current executable set to '/home/xanzik/programing-pustovyi/lab02/dist/main.bin' (x86_64).
(lldb) list
   39  	{
   40  		srand((unsigned int)time(0));
   41  		struct animal animals[ANIMAL_COUNT];
   42  	
   43  		for (unsigned int i = 0; i < ANIMAL_COUNT; i++) {
   44  			generate_animal(&animals[i]);
   45  		}
   46  		show_animals(animals, ANIMAL_COUNT);
   47  	
   48  		return 0;
(lldb) b 43
Breakpoint 1: where = main.bin`main + 34 at main.c:43:20, address = 0x0000000000401322
(lldb) r
Process 1903 launched: '/home/xanzik/programing-pustovyi/lab02/dist/main.bin' (x86_64)
Process 1903 stopped
* thread #1, name = 'main.bin', stop reason = breakpoint 1.1
    frame #0: 0x0000000000401322 main.bin`main at main.c:43:20
   40  		srand((unsigned int)time(0));
   41  		struct animal animals[ANIMAL_COUNT];
   42  	
-> 43  		for (unsigned int i = 0; i < ANIMAL_COUNT; i++) {
   44  			generate_animal(&animals[i]);
   45  		}
   46  		show_animals(animals, ANIMAL_COUNT);
(lldb) p result
error: <user expression 0>:1:1: use of undeclared identifier 'result'
result
^
(lldb) l main
File: /home/xanzik/programing-pustovyi/lab02/src/main.c
   33  	 * {@link generate_animal}
   34  	 * - вивід даних про всіх тварин на екран за допомогою функції
   35  	 * {@link show_animals}
   36  	 * @return успішний код повернення з програми (0)
   37  	 */
   38  	int main()
   39  	{
   40  		srand((unsigned int)time(0));
   41  		struct animal animals[ANIMAL_COUNT];
   42  	
   43  		for (unsigned int i = 0; i < ANIMAL_COUNT; i++) {
(lldb) l
   44  			generate_animal(&animals[i]);
   45  		}
   46  		show_animals(animals, ANIMAL_COUNT);
   47  	
   48  		return 0;
   49  	}
(lldb) p animals
(animal [10]) $0 = {
  [0] = (type = PIG, height = 0, weight = 0)
  [1] = (type = PIG, height = 0, weight = 0)
  [2] = (type = PIG, height = 0, weight = 4194368)
  [3] = (type = PIG, height = 11, weight = 0)
  [4] = (type = 0xffffe590, height = 32767, weight = 4294961481)
  [5] = (type = DOG | CAT | 0x7ff8, height = 4160558560, weight = 32767)
  [6] = (type = ANIMAL_TYPE_COUNT | 0x4013d8, height = 0, weight = 4160438216)
  [7] = (type = DOG | CAT | 0x7ff8, height = 4199312, weight = 0)
  [8] = (type = PIG, height = 0, weight = 4198512)
  [9] = (type = PIG, height = 4294960736, weight = 32767)
}
. Дослідив режими компіляції з інформацією про відлагодження та без неї; Если мы компилируем без информации про отладку, то функции lldb i gdb будут недоступны.
